// Jest Snapshot v1, https://goo.gl/fbAQLP

exports[`searchInput renders the component 1`] = `<div class="input"><input type="text" placeholder="Pesquisar..."> <span class="input__clear">Ã—</span></div>`;
